// Jest Snapshot v1, https://goo.gl/fbAQLP

exports[`SesBounceRecorderStack snapshot 1`] = `
Object {
  "Parameters": Object {
    "BootstrapVersion": Object {
      "Default": "/cdk-bootstrap/hnb659fds/version",
      "Description": "Version of the CDK Bootstrap resources in this environment, automatically retrieved from SSM Parameter Store. [cdk:skip]",
      "Type": "AWS::SSM::Parameter::Value<String>",
    },
  },
  "Resources": Object {
    "BounceRecorderLambda17BFDD3A": Object {
      "DependsOn": Array [
        "BounceRecorderLambdaServiceRoleB5D17182",
      ],
      "Properties": Object {
        "Code": Object {
          "S3Bucket": Object {
            "Fn::Sub": "cdk-hnb659fds-assets-\${AWS::AccountId}-\${AWS::Region}",
          },
          "S3Key": "STUB-HASH.zip",
        },
        "Environment": Object {
          "Variables": Object {
            "AWS_NODEJS_CONNECTION_REUSE_ENABLED": "1",
            "WEBHOOK_KEY": "test-key",
            "WEBHOOK_URL": "https://example.com",
          },
        },
        "FunctionName": "SesBounceRecorder",
        "Handler": "index.handler",
        "Role": Object {
          "Fn::GetAtt": Array [
            "BounceRecorderLambdaServiceRoleB5D17182",
            "Arn",
          ],
        },
        "Runtime": "nodejs16.x",
        "Timeout": 30,
      },
      "Type": "AWS::Lambda::Function",
    },
    "BounceRecorderLambdaAllowInvokeSesBounceRecorderStacksesnotifications19C3D3BFD558C6DC": Object {
      "Properties": Object {
        "Action": "lambda:InvokeFunction",
        "FunctionName": Object {
          "Fn::GetAtt": Array [
            "BounceRecorderLambda17BFDD3A",
            "Arn",
          ],
        },
        "Principal": "sns.amazonaws.com",
        "SourceArn": Object {
          "Ref": "sesnotifications21CEB3A8",
        },
      },
      "Type": "AWS::Lambda::Permission",
    },
    "BounceRecorderLambdaServiceRoleB5D17182": Object {
      "Properties": Object {
        "AssumeRolePolicyDocument": Object {
          "Statement": Array [
            Object {
              "Action": "sts:AssumeRole",
              "Effect": "Allow",
              "Principal": Object {
                "Service": "lambda.amazonaws.com",
              },
            },
          ],
          "Version": "2012-10-17",
        },
        "ManagedPolicyArns": Array [
          Object {
            "Fn::Join": Array [
              "",
              Array [
                "arn:",
                Object {
                  "Ref": "AWS::Partition",
                },
                ":iam::aws:policy/service-role/AWSLambdaBasicExecutionRole",
              ],
            ],
          },
        ],
      },
      "Type": "AWS::IAM::Role",
    },
    "BounceRecorderLambdasesnotifications9F9F6621": Object {
      "Properties": Object {
        "Endpoint": Object {
          "Fn::GetAtt": Array [
            "BounceRecorderLambda17BFDD3A",
            "Arn",
          ],
        },
        "Protocol": "lambda",
        "TopicArn": Object {
          "Ref": "sesnotifications21CEB3A8",
        },
      },
      "Type": "AWS::SNS::Subscription",
    },
    "sesnotifications21CEB3A8": Object {
      "Properties": Object {
        "DisplayName": "SES bounce notifications",
        "TopicName": "ses-notifications",
      },
      "Type": "AWS::SNS::Topic",
    },
  },
  "Rules": Object {
    "CheckBootstrapVersion": Object {
      "Assertions": Array [
        Object {
          "Assert": Object {
            "Fn::Not": Array [
              Object {
                "Fn::Contains": Array [
                  Array [
                    "1",
                    "2",
                    "3",
                    "4",
                    "5",
                  ],
                  Object {
                    "Ref": "BootstrapVersion",
                  },
                ],
              },
            ],
          },
          "AssertDescription": "CDK bootstrap stack version 6 required. Please run 'cdk bootstrap' with a recent version of the CDK CLI.",
        },
      ],
    },
  },
}
`;
